SET timezone = 'Europe/Moscow'; -- Need to proper output of datetime variables
--CHECK SAVEPOINT RELEASE
BEGIN;
-- Declare variables
SELECT pgv_set('vars', 'any1', 'some value'::text, true);
 pgv_set 
---------
 
(1 row)

SELECT pgv_set('vars', 'any2', 'some value'::text);
 pgv_set 
---------
 
(1 row)

SELECT pgv_set_int('vars', 'int1', 101, true);
 pgv_set_int 
-------------
 
(1 row)

SELECT pgv_set_int('vars', 'int2', 102);
 pgv_set_int 
-------------
 
(1 row)

SELECT pgv_set_int('vars', 'intNULL', NULL, true);
 pgv_set_int 
-------------
 
(1 row)

SELECT pgv_set_text('vars', 'str1', 's101', true);
 pgv_set_text 
--------------
 
(1 row)

SELECT pgv_set_text('vars', 'str2', 's102');
 pgv_set_text 
--------------
 
(1 row)

SELECT pgv_set_numeric('vars', 'num1', 1.01, true);
 pgv_set_numeric 
-----------------
 
(1 row)

SELECT pgv_set_numeric('vars', 'num2', 1.02);
 pgv_set_numeric 
-----------------
 
(1 row)

SELECT pgv_set_timestamp('vars', 'ts1', '2016-03-30 10:00:00', true);
 pgv_set_timestamp 
-------------------
 
(1 row)

SELECT pgv_set_timestamp('vars', 'ts2', '2016-03-30 11:00:00');
 pgv_set_timestamp 
-------------------
 
(1 row)

SELECT pgv_set_timestamptz('vars', 'tstz1', '2016-03-30 10:00:00 GMT+01', true);
 pgv_set_timestamptz 
---------------------
 
(1 row)

SELECT pgv_set_timestamptz('vars', 'tstz2', '2016-03-30 11:00:00 GMT+02');
 pgv_set_timestamptz 
---------------------
 
(1 row)

SELECT pgv_set_date('vars', 'd1', '2016-03-29', true);
 pgv_set_date 
--------------
 
(1 row)

SELECT pgv_set_date('vars', 'd2', '2016-03-30');
 pgv_set_date 
--------------
 
(1 row)

SELECT pgv_set_jsonb('vars2', 'j1', '[1, 2, "foo", null]', true);
 pgv_set_jsonb 
---------------
 
(1 row)

SELECT pgv_set_jsonb('vars2', 'j2', '{"bar": "baz", "balance": 7.77, "active": false}');
 pgv_set_jsonb 
---------------
 
(1 row)

SAVEPOINT comm;
-- Set new values
SELECT pgv_set('vars', 'any1', 'another value'::text, true);
 pgv_set 
---------
 
(1 row)

SELECT pgv_set('vars', 'any2', 'another value'::text);
 pgv_set 
---------
 
(1 row)

SELECT pgv_set_int('vars', 'int1', 103, true);
 pgv_set_int 
-------------
 
(1 row)

SELECT pgv_set_int('vars', 'int2', 103);
 pgv_set_int 
-------------
 
(1 row)

SELECT pgv_set_int('vars', 'intNULL', 104, true);
 pgv_set_int 
-------------
 
(1 row)

SELECT pgv_set_text('vars', 'str1', 's103', true);
 pgv_set_text 
--------------
 
(1 row)

SELECT pgv_set_text('vars', 'str2', 's103');
 pgv_set_text 
--------------
 
(1 row)

SELECT pgv_set_numeric('vars', 'num1', 1.03, true);
 pgv_set_numeric 
-----------------
 
(1 row)

SELECT pgv_set_numeric('vars', 'num2', 1.03);
 pgv_set_numeric 
-----------------
 
(1 row)

SELECT pgv_set_timestamp('vars', 'ts1', '2016-03-30 12:00:00', true);
 pgv_set_timestamp 
-------------------
 
(1 row)

SELECT pgv_set_timestamp('vars', 'ts2', '2016-03-30 12:00:00');
 pgv_set_timestamp 
-------------------
 
(1 row)

SELECT pgv_set_timestamptz('vars', 'tstz1', '2016-03-30 12:00:00 GMT+03', true);
 pgv_set_timestamptz 
---------------------
 
(1 row)

SELECT pgv_set_timestamptz('vars', 'tstz2', '2016-03-30 12:00:00 GMT+03');
 pgv_set_timestamptz 
---------------------
 
(1 row)

SELECT pgv_set_date('vars', 'd1', '2016-04-02', true);
 pgv_set_date 
--------------
 
(1 row)

SELECT pgv_set_date('vars', 'd2', '2016-04-02');
 pgv_set_date 
--------------
 
(1 row)

SELECT pgv_set_jsonb('vars2', 'j1', '{"foo": [true, "bar"], "tags": {"a": 1, "b": null}}', true);
 pgv_set_jsonb 
---------------
 
(1 row)

SELECT pgv_set_jsonb('vars2', 'j2', '{"foo": [true, "bar"], "tags": {"a": 1, "b": null}}');
 pgv_set_jsonb 
---------------
 
(1 row)

-- Check values before releasing savepoint
SELECT pgv_get('vars', 'any1',NULL::text);
    pgv_get    
---------------
 another value
(1 row)

SELECT pgv_get('vars', 'any2',NULL::text);
    pgv_get    
---------------
 another value
(1 row)

SELECT pgv_get_int('vars', 'int1');
 pgv_get_int 
-------------
         103
(1 row)

SELECT pgv_get_int('vars', 'int2');
 pgv_get_int 
-------------
         103
(1 row)

SELECT pgv_get_int('vars', 'intNULL');
 pgv_get_int 
-------------
         104
(1 row)

SELECT pgv_get_text('vars', 'str1');
 pgv_get_text 
--------------
 s103
(1 row)

SELECT pgv_get_text('vars', 'str2');
 pgv_get_text 
--------------
 s103
(1 row)

SELECT pgv_get_numeric('vars', 'num1');
 pgv_get_numeric 
-----------------
            1.03
(1 row)

SELECT pgv_get_numeric('vars', 'num2');
 pgv_get_numeric 
-----------------
            1.03
(1 row)

SELECT pgv_get_timestamp('vars', 'ts1');
    pgv_get_timestamp     
--------------------------
 Wed Mar 30 12:00:00 2016
(1 row)

SELECT pgv_get_timestamp('vars', 'ts2');
    pgv_get_timestamp     
--------------------------
 Wed Mar 30 12:00:00 2016
(1 row)

SELECT pgv_get_timestamptz('vars', 'tstz1');
     pgv_get_timestamptz      
------------------------------
 Wed Mar 30 18:00:00 2016 MSK
(1 row)

SELECT pgv_get_timestamptz('vars', 'tstz2');
     pgv_get_timestamptz      
------------------------------
 Wed Mar 30 18:00:00 2016 MSK
(1 row)

SELECT pgv_get_date('vars', 'd1');
 pgv_get_date 
--------------
 04-02-2016
(1 row)

SELECT pgv_get_date('vars', 'd2');
 pgv_get_date 
--------------
 04-02-2016
(1 row)

SELECT pgv_get_jsonb('vars2', 'j1');
                    pgv_get_jsonb                    
-----------------------------------------------------
 {"foo": [true, "bar"], "tags": {"a": 1, "b": null}}
(1 row)

SELECT pgv_get_jsonb('vars2', 'j2');
                    pgv_get_jsonb                    
-----------------------------------------------------
 {"foo": [true, "bar"], "tags": {"a": 1, "b": null}}
(1 row)

-- Check values after releasing savepoint
RELEASE comm;
SELECT pgv_get('vars', 'any1',NULL::text);
    pgv_get    
---------------
 another value
(1 row)

SELECT pgv_get('vars', 'any2',NULL::text);
    pgv_get    
---------------
 another value
(1 row)

SELECT pgv_get_int('vars', 'int1');
 pgv_get_int 
-------------
         103
(1 row)

SELECT pgv_get_int('vars', 'int2');
 pgv_get_int 
-------------
         103
(1 row)

SELECT pgv_get_int('vars', 'intNULL');
 pgv_get_int 
-------------
         104
(1 row)

SELECT pgv_get_text('vars', 'str1');
 pgv_get_text 
--------------
 s103
(1 row)

SELECT pgv_get_text('vars', 'str2');
 pgv_get_text 
--------------
 s103
(1 row)

SELECT pgv_get_numeric('vars', 'num1');
 pgv_get_numeric 
-----------------
            1.03
(1 row)

SELECT pgv_get_numeric('vars', 'num2');
 pgv_get_numeric 
-----------------
            1.03
(1 row)

SELECT pgv_get_timestamp('vars', 'ts1');
    pgv_get_timestamp     
--------------------------
 Wed Mar 30 12:00:00 2016
(1 row)

SELECT pgv_get_timestamp('vars', 'ts2');
    pgv_get_timestamp     
--------------------------
 Wed Mar 30 12:00:00 2016
(1 row)

SELECT pgv_get_timestamptz('vars', 'tstz1');
     pgv_get_timestamptz      
------------------------------
 Wed Mar 30 18:00:00 2016 MSK
(1 row)

SELECT pgv_get_timestamptz('vars', 'tstz2');
     pgv_get_timestamptz      
------------------------------
 Wed Mar 30 18:00:00 2016 MSK
(1 row)

SELECT pgv_get_date('vars', 'd1');
 pgv_get_date 
--------------
 04-02-2016
(1 row)

SELECT pgv_get_date('vars', 'd2');
 pgv_get_date 
--------------
 04-02-2016
(1 row)

SELECT pgv_get_jsonb('vars2', 'j1');
                    pgv_get_jsonb                    
-----------------------------------------------------
 {"foo": [true, "bar"], "tags": {"a": 1, "b": null}}
(1 row)

SELECT pgv_get_jsonb('vars2', 'j2');
                    pgv_get_jsonb                    
-----------------------------------------------------
 {"foo": [true, "bar"], "tags": {"a": 1, "b": null}}
(1 row)

COMMIT;
BEGIN;
SELECT pgv_insert('vars3', 'r1', tab, true) FROM tab;
 pgv_insert 
------------
 
 
 
 
(4 rows)

SELECT pgv_insert('vars3', 'r2', tab) FROM tab;
 pgv_insert 
------------
 
 
 
 
(4 rows)

SAVEPOINT comm;
SELECT pgv_insert('vars3', 'r1', row(5 :: integer, 'str55' :: varchar),true);
 pgv_insert 
------------
 
(1 row)

SELECT pgv_insert('vars3', 'r2', row(5 :: integer, 'str55' :: varchar));
 pgv_insert 
------------
 
(1 row)

SELECT pgv_select('vars3', 'r1');
 pgv_select 
------------
 (,strNULL)
 (2,)
 (1,str33)
 (5,str55)
 (0,str00)
(5 rows)

SELECT pgv_select('vars3', 'r2');
 pgv_select 
------------
 (,strNULL)
 (2,)
 (1,str33)
 (5,str55)
 (0,str00)
(5 rows)

RELEASE comm;
SELECT pgv_select('vars3', 'r1');
 pgv_select 
------------
 (,strNULL)
 (2,)
 (1,str33)
 (5,str55)
 (0,str00)
(5 rows)

SELECT pgv_select('vars3', 'r2');
 pgv_select 
------------
 (,strNULL)
 (2,)
 (1,str33)
 (5,str55)
 (0,str00)
(5 rows)

COMMIT;
--CHECK SAVEPOINT ROLLBACK
BEGIN;
-- Variables are already declared
SAVEPOINT comm2;
-- Set new values
SELECT pgv_set('vars', 'any1', 'one more value'::text, true);
 pgv_set 
---------
 
(1 row)

SELECT pgv_set('vars', 'any2', 'one more value'::text);
 pgv_set 
---------
 
(1 row)

SELECT pgv_set_int('vars', 'int1', 101, true);
 pgv_set_int 
-------------
 
(1 row)

SELECT pgv_set_int('vars', 'int2', 102);
 pgv_set_int 
-------------
 
(1 row)

SELECT pgv_set_int('vars', 'intNULL', NULL, true);
 pgv_set_int 
-------------
 
(1 row)

SELECT pgv_set_text('vars', 'str1', 's101', true);
 pgv_set_text 
--------------
 
(1 row)

SELECT pgv_set_text('vars', 'str2', 's102');
 pgv_set_text 
--------------
 
(1 row)

SELECT pgv_set_numeric('vars', 'num1', 1.01, true);
 pgv_set_numeric 
-----------------
 
(1 row)

SELECT pgv_set_numeric('vars', 'num2', 1.02);
 pgv_set_numeric 
-----------------
 
(1 row)

SELECT pgv_set_timestamp('vars', 'ts1', '2016-03-30 10:00:00', true);
 pgv_set_timestamp 
-------------------
 
(1 row)

SELECT pgv_set_timestamp('vars', 'ts2', '2016-03-30 11:00:00');
 pgv_set_timestamp 
-------------------
 
(1 row)

SELECT pgv_set_timestamptz('vars', 'tstz1', '2016-03-30 10:00:00 GMT+01', true);
 pgv_set_timestamptz 
---------------------
 
(1 row)

SELECT pgv_set_timestamptz('vars', 'tstz2', '2016-03-30 11:00:00 GMT+02');
 pgv_set_timestamptz 
---------------------
 
(1 row)

SELECT pgv_set_date('vars', 'd1', '2016-03-29', true);
 pgv_set_date 
--------------
 
(1 row)

SELECT pgv_set_date('vars', 'd2', '2016-03-30');
 pgv_set_date 
--------------
 
(1 row)

SELECT pgv_set_jsonb('vars2', 'j1', '[1, 2, "foo", null]', true);
 pgv_set_jsonb 
---------------
 
(1 row)

SELECT pgv_set_jsonb('vars2', 'j2', '{"bar": "baz", "balance": 7.77, "active": false}');
 pgv_set_jsonb 
---------------
 
(1 row)

-- Check values before rollback to savepoint
SELECT pgv_get('vars', 'any1',NULL::text);
    pgv_get     
----------------
 one more value
(1 row)

SELECT pgv_get('vars', 'any2',NULL::text);
    pgv_get     
----------------
 one more value
(1 row)

SELECT pgv_get_int('vars', 'int1');
 pgv_get_int 
-------------
         101
(1 row)

SELECT pgv_get_int('vars', 'int2');
 pgv_get_int 
-------------
         102
(1 row)

SELECT pgv_get_int('vars', 'intNULL');
 pgv_get_int 
-------------
            
(1 row)

SELECT pgv_get_text('vars', 'str1');
 pgv_get_text 
--------------
 s101
(1 row)

SELECT pgv_get_text('vars', 'str2');
 pgv_get_text 
--------------
 s102
(1 row)

SELECT pgv_get_numeric('vars', 'num1');
 pgv_get_numeric 
-----------------
            1.01
(1 row)

SELECT pgv_get_numeric('vars', 'num2');
 pgv_get_numeric 
-----------------
            1.02
(1 row)

SELECT pgv_get_timestamp('vars', 'ts1');
    pgv_get_timestamp     
--------------------------
 Wed Mar 30 10:00:00 2016
(1 row)

SELECT pgv_get_timestamp('vars', 'ts2');
    pgv_get_timestamp     
--------------------------
 Wed Mar 30 11:00:00 2016
(1 row)

SELECT pgv_get_timestamptz('vars', 'tstz1');
     pgv_get_timestamptz      
------------------------------
 Wed Mar 30 14:00:00 2016 MSK
(1 row)

SELECT pgv_get_timestamptz('vars', 'tstz2');
     pgv_get_timestamptz      
------------------------------
 Wed Mar 30 16:00:00 2016 MSK
(1 row)

SELECT pgv_get_date('vars', 'd1');
 pgv_get_date 
--------------
 03-29-2016
(1 row)

SELECT pgv_get_date('vars', 'd2');
 pgv_get_date 
--------------
 03-30-2016
(1 row)

SELECT pgv_get_jsonb('vars2', 'j1');
    pgv_get_jsonb    
---------------------
 [1, 2, "foo", null]
(1 row)

SELECT pgv_get_jsonb('vars2', 'j2');
                  pgv_get_jsonb                   
--------------------------------------------------
 {"bar": "baz", "active": false, "balance": 7.77}
(1 row)

-- Check values after rollback to savepoint
ROLLBACK TO comm2;
SELECT pgv_get('vars', 'any1',NULL::text);
    pgv_get    
---------------
 another value
(1 row)

SELECT pgv_get('vars', 'any2',NULL::text);
    pgv_get     
----------------
 one more value
(1 row)

SELECT pgv_get_int('vars', 'int1');
 pgv_get_int 
-------------
         103
(1 row)

SELECT pgv_get_int('vars', 'int2');
 pgv_get_int 
-------------
         102
(1 row)

SELECT pgv_get_int('vars', 'intNULL');
 pgv_get_int 
-------------
         104
(1 row)

SELECT pgv_get_text('vars', 'str1');
 pgv_get_text 
--------------
 s103
(1 row)

SELECT pgv_get_text('vars', 'str2');
 pgv_get_text 
--------------
 s102
(1 row)

SELECT pgv_get_numeric('vars', 'num1');
 pgv_get_numeric 
-----------------
            1.03
(1 row)

SELECT pgv_get_numeric('vars', 'num2');
 pgv_get_numeric 
-----------------
            1.02
(1 row)

SELECT pgv_get_timestamp('vars', 'ts1');
    pgv_get_timestamp     
--------------------------
 Wed Mar 30 12:00:00 2016
(1 row)

SELECT pgv_get_timestamp('vars', 'ts2');
    pgv_get_timestamp     
--------------------------
 Wed Mar 30 11:00:00 2016
(1 row)

SELECT pgv_get_timestamptz('vars', 'tstz1');
     pgv_get_timestamptz      
------------------------------
 Wed Mar 30 18:00:00 2016 MSK
(1 row)

SELECT pgv_get_timestamptz('vars', 'tstz2');
     pgv_get_timestamptz      
------------------------------
 Wed Mar 30 16:00:00 2016 MSK
(1 row)

SELECT pgv_get_date('vars', 'd1');
 pgv_get_date 
--------------
 04-02-2016
(1 row)

SELECT pgv_get_date('vars', 'd2');
 pgv_get_date 
--------------
 03-30-2016
(1 row)

SELECT pgv_get_jsonb('vars2', 'j1');
                    pgv_get_jsonb                    
-----------------------------------------------------
 {"foo": [true, "bar"], "tags": {"a": 1, "b": null}}
(1 row)

SELECT pgv_get_jsonb('vars2', 'j2');
                  pgv_get_jsonb                   
--------------------------------------------------
 {"bar": "baz", "active": false, "balance": 7.77}
(1 row)

COMMIT;
-- Record variables
BEGIN;
SAVEPOINT comm2;
SELECT pgv_delete('vars3', 'r1', 5);
 pgv_delete 
------------
 t
(1 row)

SELECT pgv_delete('vars3', 'r2', 5);
 pgv_delete 
------------
 t
(1 row)

SELECT pgv_select('vars3', 'r1');
 pgv_select 
------------
 (,strNULL)
 (2,)
 (1,str33)
 (0,str00)
(4 rows)

SELECT pgv_select('vars3', 'r2');
 pgv_select 
------------
 (,strNULL)
 (2,)
 (1,str33)
 (0,str00)
(4 rows)

ROLLBACK to comm2;
SELECT pgv_select('vars3', 'r1');
 pgv_select 
------------
 (,strNULL)
 (2,)
 (1,str33)
 (5,str55)
 (0,str00)
(5 rows)

SELECT pgv_select('vars3', 'r2');
 pgv_select 
------------
 (,strNULL)
 (2,)
 (1,str33)
 (0,str00)
(4 rows)

COMMIT;
-- TRYING TO CHANGE FLAG 'IS_TRANSACTIONAL'
SELECT pgv_set('vars', 'any1', 'value'::text);
ERROR:  variable "any1" already created as TRANSACTIONAL
SELECT pgv_set('vars', 'any2', 'value'::text, true);
ERROR:  variable "any2" already created as NOT TRANSACTIONAL
SELECT pgv_set_int('vars', 'int1', 301);
ERROR:  variable "int1" already created as TRANSACTIONAL
SELECT pgv_set_int('vars', 'int2', 302, true);
ERROR:  variable "int2" already created as NOT TRANSACTIONAL
SELECT pgv_set_text('vars', 'str1', 's301');
ERROR:  variable "str1" already created as TRANSACTIONAL
SELECT pgv_set_text('vars', 'str2', 's302', true);
ERROR:  variable "str2" already created as NOT TRANSACTIONAL
SELECT pgv_set_numeric('vars', 'num1', 3.01);
ERROR:  variable "num1" already created as TRANSACTIONAL
SELECT pgv_set_numeric('vars', 'num2', 3.02, true);
ERROR:  variable "num2" already created as NOT TRANSACTIONAL
SELECT pgv_set_timestamp('vars', 'ts1', '2016-03-30 20:00:00');
ERROR:  variable "ts1" already created as TRANSACTIONAL
SELECT pgv_set_timestamp('vars', 'ts2', '2016-03-30 21:00:00', true);
ERROR:  variable "ts2" already created as NOT TRANSACTIONAL
SELECT pgv_set_timestamptz('vars', 'tstz1', '2016-03-30 20:00:00 GMT+01');
ERROR:  variable "tstz1" already created as TRANSACTIONAL
SELECT pgv_set_timestamptz('vars', 'tstz2', '2016-03-30 21:00:00 GMT+02', true);
ERROR:  variable "tstz2" already created as NOT TRANSACTIONAL
SELECT pgv_set_date('vars', 'd1', '2016-04-29');
ERROR:  variable "d1" already created as TRANSACTIONAL
SELECT pgv_set_date('vars', 'd2', '2016-04-30', true);
ERROR:  variable "d2" already created as NOT TRANSACTIONAL
SELECT pgv_set_jsonb('vars2', 'j1', '[1, 2, "foo2", null]');
ERROR:  variable "j1" already created as TRANSACTIONAL
SELECT pgv_set_jsonb('vars2', 'j2', '{"bar": "baz2", "balance": 7.77, "active": true}', true);
ERROR:  variable "j2" already created as NOT TRANSACTIONAL
SELECT pgv_insert('vars3', 'r1', row(6 :: integer, 'str66' :: varchar));
ERROR:  variable "r1" already created as TRANSACTIONAL
SELECT pgv_insert('vars3', 'r2', row(6 :: integer, 'str66' :: varchar),true);
ERROR:  variable "r2" already created as NOT TRANSACTIONAL
-- CHECK pgv_list() WHILE WE HAVE A LOT OF MISCELLANEOUS VARIABLES
SELECT * FROM pgv_list() order by package, name;
 package |  name   | is_transactional 
---------+---------+------------------
 vars    | any1    | t
 vars    | any2    | f
 vars    | d1      | t
 vars    | d2      | f
 vars    | int1    | t
 vars    | int2    | f
 vars    | intNULL | t
 vars    | num1    | t
 vars    | num2    | f
 vars    | str1    | t
 vars    | str2    | f
 vars    | ts1     | t
 vars    | ts2     | f
 vars    | tstz1   | t
 vars    | tstz2   | f
 vars2   | j1      | t
 vars2   | j2      | f
 vars3   | r1      | t
 vars3   | r2      | f
(19 rows)

SELECT pgv_free();
 pgv_free 
----------
 
(1 row)

-- VARIABLES DECLARED IN SUBTRANSACTION SHOULD BE DESTROYED AFTER ROLLBACK TO SAVEPOINT
-- For better readability we don't use deprecated api functions in test below
BEGIN;
SAVEPOINT sp_to_rollback;
SELECT pgv_set('vars', 'any1', 'text value'::text, true);
 pgv_set 
---------
 
(1 row)

SELECT pgv_set('vars', 'any2', 'text value'::text);
 pgv_set 
---------
 
(1 row)

SELECT pgv_insert('vars3', 'r1', row(6 :: integer, 'str44' :: varchar), true);
 pgv_insert 
------------
 
(1 row)

SELECT pgv_insert('vars3', 'r2', row(6 :: integer, 'str44' :: varchar));
 pgv_insert 
------------
 
(1 row)

ROLLBACK TO sp_to_rollback;
COMMIT;
SELECT pgv_get('vars', 'any1',NULL::text);
ERROR:  unrecognized variable "any1"
SELECT pgv_get('vars', 'any2',NULL::text);
  pgv_get   
------------
 text value
(1 row)

SELECT pgv_select('vars3', 'r1');
ERROR:  unrecognized variable "r1"
SELECT pgv_select('vars3', 'r2');
 pgv_select 
------------
 (6,str44)
(1 row)

SELECT pgv_free();
 pgv_free 
----------
 
(1 row)

-- CHECK ROLLBACK AFTER COMMITTING SUBTRANSACTION
BEGIN;
SELECT pgv_set('vars', 'any1', 'before savepoint sp1'::text, true);
 pgv_set 
---------
 
(1 row)

SAVEPOINT sp1;
SELECT pgv_set('vars', 'any1', 'after savepoint sp1'::text, true);
 pgv_set 
---------
 
(1 row)

SAVEPOINT sp2;
SELECT pgv_set('vars', 'any1', 'after savepoint sp2'::text, true);
 pgv_set 
---------
 
(1 row)

RELEASE sp2;
SELECT pgv_get('vars', 'any1',NULL::text);
       pgv_get       
---------------------
 after savepoint sp2
(1 row)

ROLLBACK TO sp1;
SELECT pgv_get('vars', 'any1',NULL::text);
       pgv_get        
----------------------
 before savepoint sp1
(1 row)

COMMIT;
BEGIN;
SAVEPOINT sp1;
SAVEPOINT sp2;
SELECT pgv_set('vars2', 'any1', 'variable exists'::text, true);
 pgv_set 
---------
 
(1 row)

RELEASE sp2;
SELECT pgv_get('vars2', 'any1',NULL::text);
     pgv_get     
-----------------
 variable exists
(1 row)

ROLLBACK TO sp1;
COMMIT;
SELECT pgv_get('vars2', 'any1',NULL::text);
ERROR:  unrecognized package "vars2"
SELECT pgv_free();
 pgv_free 
----------
 
(1 row)

--CHECK TRANSACTION COMMIT
-- Declare variables
SELECT pgv_set('vars', 'any1', 'some value'::text, true);
 pgv_set 
---------
 
(1 row)

SELECT pgv_set('vars', 'any2', 'some value'::text);
 pgv_set 
---------
 
(1 row)

BEGIN;
-- Set new values
SELECT pgv_set('vars', 'any1', 'another value'::text, true);
 pgv_set 
---------
 
(1 row)

SELECT pgv_set('vars', 'any2', 'another value'::text);
 pgv_set 
---------
 
(1 row)

-- Check values before committing transaction
SELECT pgv_get('vars', 'any1',NULL::text);
    pgv_get    
---------------
 another value
(1 row)

SELECT pgv_get('vars', 'any2',NULL::text);
    pgv_get    
---------------
 another value
(1 row)

-- Check values after committing transaction
COMMIT;
SELECT pgv_get('vars', 'any1',NULL::text);
    pgv_get    
---------------
 another value
(1 row)

SELECT pgv_get('vars', 'any2',NULL::text);
    pgv_get    
---------------
 another value
(1 row)

SELECT pgv_insert('vars3', 'r1', tab, true) FROM tab;
 pgv_insert 
------------
 
 
 
 
(4 rows)

SELECT pgv_insert('vars3', 'r2', tab) FROM tab;
 pgv_insert 
------------
 
 
 
 
(4 rows)

BEGIN;
SELECT pgv_insert('vars3', 'r1', row(5 :: integer, 'str55' :: varchar),true);
 pgv_insert 
------------
 
(1 row)

SELECT pgv_insert('vars3', 'r2', row(5 :: integer, 'str55' :: varchar));
 pgv_insert 
------------
 
(1 row)

SELECT pgv_select('vars3', 'r1');
 pgv_select 
------------
 (,strNULL)
 (2,)
 (1,str33)
 (5,str55)
 (0,str00)
(5 rows)

SELECT pgv_select('vars3', 'r2');
 pgv_select 
------------
 (,strNULL)
 (2,)
 (1,str33)
 (5,str55)
 (0,str00)
(5 rows)

COMMIT;
SELECT pgv_select('vars3', 'r1');
 pgv_select 
------------
 (,strNULL)
 (2,)
 (1,str33)
 (5,str55)
 (0,str00)
(5 rows)

SELECT pgv_select('vars3', 'r2');
 pgv_select 
------------
 (,strNULL)
 (2,)
 (1,str33)
 (5,str55)
 (0,str00)
(5 rows)

-- CHECK TRANSACTION ROLLBACK
-- Variables are already declared
BEGIN;
-- Set new values
SELECT pgv_set('vars', 'any1', 'one more value'::text, true);
 pgv_set 
---------
 
(1 row)

SELECT pgv_set('vars', 'any2', 'one more value'::text);
 pgv_set 
---------
 
(1 row)

-- Check values before rollback
SELECT pgv_get('vars', 'any1',NULL::text);
    pgv_get     
----------------
 one more value
(1 row)

SELECT pgv_get('vars', 'any2',NULL::text);
    pgv_get     
----------------
 one more value
(1 row)

-- Check values after rollback
ROLLBACK;
SELECT pgv_get('vars', 'any1',NULL::text);
    pgv_get    
---------------
 another value
(1 row)

SELECT pgv_get('vars', 'any2',NULL::text);
    pgv_get     
----------------
 one more value
(1 row)

-- Record variables
BEGIN;
SELECT pgv_delete('vars3', 'r1', 5);
 pgv_delete 
------------
 t
(1 row)

SELECT pgv_delete('vars3', 'r2', 5);
 pgv_delete 
------------
 t
(1 row)

SELECT pgv_select('vars3', 'r1');
 pgv_select 
------------
 (,strNULL)
 (2,)
 (1,str33)
 (0,str00)
(4 rows)

SELECT pgv_select('vars3', 'r2');
 pgv_select 
------------
 (,strNULL)
 (2,)
 (1,str33)
 (0,str00)
(4 rows)

ROLLBACK;
SELECT pgv_select('vars3', 'r1');
 pgv_select 
------------
 (,strNULL)
 (2,)
 (1,str33)
 (5,str55)
 (0,str00)
(5 rows)

SELECT pgv_select('vars3', 'r2');
 pgv_select 
------------
 (,strNULL)
 (2,)
 (1,str33)
 (0,str00)
(4 rows)

SELECT pgv_free();
 pgv_free 
----------
 
(1 row)

-- VARIABLES DECLARED IN TRANSACTION SHOULD BE DESTROYED AFTER ROLLBACK
BEGIN;
SELECT pgv_set('vars', 'any1', 'text value'::text, true);
 pgv_set 
---------
 
(1 row)

SELECT pgv_set('vars', 'any2', 'text value'::text);
 pgv_set 
---------
 
(1 row)

SELECT pgv_insert('vars', 'r1', row(6 :: integer, 'str44' :: varchar), true);
 pgv_insert 
------------
 
(1 row)

SELECT pgv_insert('vars', 'r2', row(6 :: integer, 'str44' :: varchar));
 pgv_insert 
------------
 
(1 row)

ROLLBACK;
SELECT pgv_get('vars', 'any1',NULL::text);
ERROR:  unrecognized variable "any1"
SELECT pgv_get('vars', 'any2',NULL::text);
  pgv_get   
------------
 text value
(1 row)

SELECT pgv_select('vars', 'r1');
ERROR:  unrecognized variable "r1"
SELECT pgv_select('vars', 'r2');
 pgv_select 
------------
 (6,str44)
(1 row)

SELECT pgv_remove('vars');
 pgv_remove 
------------
 
(1 row)

-- CHECK ROLLBACK AFTER COMMITTING SUBTRANSACTION
SELECT pgv_set('vars', 'any1', 'before transaction block'::text, true);
 pgv_set 
---------
 
(1 row)

BEGIN;
SELECT pgv_set('vars', 'any1', 'before savepoint sp1'::text, true);
 pgv_set 
---------
 
(1 row)

SAVEPOINT sp1;
SELECT pgv_set('vars', 'any1', 'after savepoint sp1'::text, true);
 pgv_set 
---------
 
(1 row)

SAVEPOINT sp2;
SELECT pgv_set('vars', 'any1', 'after savepoint sp2'::text, true);
 pgv_set 
---------
 
(1 row)

RELEASE sp2;
SELECT pgv_get('vars', 'any1',NULL::text);
       pgv_get       
---------------------
 after savepoint sp2
(1 row)

ROLLBACK TO sp1;
SELECT pgv_get('vars', 'any1',NULL::text);
       pgv_get        
----------------------
 before savepoint sp1
(1 row)

ROLLBACK;
SELECT pgv_get('vars', 'any1',NULL::text);
         pgv_get          
--------------------------
 before transaction block
(1 row)

BEGIN;
SAVEPOINT sp1;
SELECT pgv_set('vars2', 'any1', 'variable exists'::text, true);
 pgv_set 
---------
 
(1 row)

RELEASE sp1;
SELECT pgv_get('vars2', 'any1',NULL::text);
     pgv_get     
-----------------
 variable exists
(1 row)

ROLLBACK;
SELECT pgv_get('vars2', 'any1',NULL::text);
ERROR:  unrecognized package "vars2"
SELECT pgv_free();
 pgv_free 
----------
 
(1 row)

-- Additional tests
SELECT pgv_insert('vars3', 'r1', tab, true) FROM tab;
 pgv_insert 
------------
 
 
 
 
(4 rows)

BEGIN;
SELECT pgv_insert('vars3', 'r1', row(5 :: integer, 'before savepoint sp1' :: varchar),true);
 pgv_insert 
------------
 
(1 row)

SAVEPOINT sp1;
SELECT pgv_update('vars3', 'r1', row(5 :: integer, 'after savepoint sp1' :: varchar));
 pgv_update 
------------
 t
(1 row)

SAVEPOINT sp2;
SELECT pgv_insert('vars3', 'r1', row(7 :: integer, 'row after sp2 to remove in sp4' :: varchar),true);
 pgv_insert 
------------
 
(1 row)

SAVEPOINT sp3;
SAVEPOINT sp4;
SELECT pgv_delete('vars3', 'r1', 7);
 pgv_delete 
------------
 t
(1 row)

SAVEPOINT sp5;
SELECT pgv_select('vars3', 'r1');
        pgv_select         
---------------------------
 (,strNULL)
 (2,)
 (1,str33)
 (5,"after savepoint sp1")
 (0,str00)
(5 rows)

ROLLBACK TO sp5;
SELECT pgv_select('vars3', 'r1');
        pgv_select         
---------------------------
 (,strNULL)
 (2,)
 (1,str33)
 (5,"after savepoint sp1")
 (0,str00)
(5 rows)

RELEASE sp4;
SELECT pgv_select('vars3', 'r1');
        pgv_select         
---------------------------
 (,strNULL)
 (2,)
 (1,str33)
 (5,"after savepoint sp1")
 (0,str00)
(5 rows)

ROLLBACK TO sp3;
SELECT pgv_select('vars3', 'r1');
              pgv_select              
--------------------------------------
 (,strNULL)
 (2,)
 (1,str33)
 (5,"after savepoint sp1")
 (0,str00)
 (7,"row after sp2 to remove in sp4")
(6 rows)

RELEASE sp2;
SELECT pgv_select('vars3', 'r1');
              pgv_select              
--------------------------------------
 (,strNULL)
 (2,)
 (1,str33)
 (5,"after savepoint sp1")
 (0,str00)
 (7,"row after sp2 to remove in sp4")
(6 rows)

ROLLBACK TO sp1;
SELECT pgv_select('vars3', 'r1');
         pgv_select         
----------------------------
 (,strNULL)
 (2,)
 (1,str33)
 (5,"before savepoint sp1")
 (0,str00)
(5 rows)

COMMIT;
SELECT pgv_select('vars3', 'r1');
         pgv_select         
----------------------------
 (,strNULL)
 (2,)
 (1,str33)
 (5,"before savepoint sp1")
 (0,str00)
(5 rows)

SELECT pgv_set('vars', 'any1', 'outer'::text, true);
 pgv_set 
---------
 
(1 row)

BEGIN;
SELECT pgv_set('vars', 'any1', 'begin'::text, true);
 pgv_set 
---------
 
(1 row)

SAVEPOINT sp1;
SELECT pgv_set('vars', 'any1', 'sp1'::text, true);
 pgv_set 
---------
 
(1 row)

SAVEPOINT sp2;
SELECT pgv_set('vars', 'any1', 'sp2'::text, true);
 pgv_set 
---------
 
(1 row)

SAVEPOINT sp3;
SAVEPOINT sp4;
SELECT pgv_set('vars', 'any1', 'sp4'::text, true);
 pgv_set 
---------
 
(1 row)

SAVEPOINT sp5;
SELECT pgv_get('vars', 'any1',NULL::text);
 pgv_get 
---------
 sp4
(1 row)

ROLLBACK TO sp5;
SELECT pgv_get('vars', 'any1',NULL::text);
 pgv_get 
---------
 sp4
(1 row)

RELEASE sp4;
SELECT pgv_get('vars', 'any1',NULL::text);
 pgv_get 
---------
 sp4
(1 row)

ROLLBACK TO sp3;
SELECT pgv_get('vars', 'any1',NULL::text);
 pgv_get 
---------
 sp2
(1 row)

RELEASE sp2;
SELECT pgv_get('vars', 'any1',NULL::text);
 pgv_get 
---------
 sp2
(1 row)

ROLLBACK TO sp1;
SELECT pgv_get('vars', 'any1',NULL::text);
 pgv_get 
---------
 begin
(1 row)

ROLLBACK;
SELECT pgv_get('vars', 'any1',NULL::text);
 pgv_get 
---------
 outer
(1 row)

BEGIN;
SELECT pgv_set('vars', 'any1', 'wrong type'::varchar, true);
ERROR:  variable "any1" requires "text" value
COMMIT;
-- THE REMOVAL OF THE VARIABLE MUST BE CANCELED ON ROLLBACK
SELECT pgv_set('vars', 'any1', 'variable exists'::text, true);
 pgv_set 
---------
 
(1 row)

BEGIN;
SELECT pgv_remove('vars', 'any1');
 pgv_remove 
------------
 
(1 row)

SELECT pgv_exists('vars', 'any1');
 pgv_exists 
------------
 f
(1 row)

ROLLBACK;
SELECT pgv_exists('vars', 'any1');
 pgv_exists 
------------
 t
(1 row)

SELECT pgv_get('vars', 'any1',NULL::text);
     pgv_get     
-----------------
 variable exists
(1 row)

BEGIN;
SELECT pgv_remove('vars', 'any1');
 pgv_remove 
------------
 
(1 row)

SELECT pgv_exists('vars', 'any1');
 pgv_exists 
------------
 f
(1 row)

COMMIT;
SELECT pgv_exists('vars', 'any1');
 pgv_exists 
------------
 f
(1 row)

SELECT pgv_get('vars', 'any1',NULL::text);
ERROR:  unrecognized package "vars"
SELECT * FROM pgv_list() ORDER BY package, name;
 package | name | is_transactional 
---------+------+------------------
 vars3   | r1   | t
(1 row)

BEGIN;
SELECT pgv_free();
 pgv_free 
----------
 
(1 row)

ROLLBACK;
SELECT * FROM pgv_list() ORDER BY package, name;
 package | name | is_transactional 
---------+------+------------------
 vars3   | r1   | t
(1 row)

BEGIN;
SELECT pgv_free();
 pgv_free 
----------
 
(1 row)

COMMIT;
SELECT * FROM pgv_list() ORDER BY package, name;
 package | name | is_transactional 
---------+------+------------------
(0 rows)

SELECT pgv_set('vars', 'regular', 'regular variable exists'::text);
 pgv_set 
---------
 
(1 row)

SELECT pgv_set('vars', 'trans1', 'trans1 variable exists'::text, true);
 pgv_set 
---------
 
(1 row)

BEGIN;
SELECT pgv_free();
 pgv_free 
----------
 
(1 row)

SELECT pgv_free(); -- Check sequential package removal in one subtransaction
 pgv_free 
----------
 
(1 row)

SELECT * FROM pgv_list() ORDER BY package, name;
 package | name | is_transactional 
---------+------+------------------
(0 rows)

SELECT pgv_set('vars', 'trans2', 'trans2 variable exists'::text, true);
 pgv_set 
---------
 
(1 row)

SELECT * FROM pgv_list() ORDER BY package, name;
 package |  name  | is_transactional 
---------+--------+------------------
 vars    | trans2 | t
(1 row)

SELECT pgv_remove('vars');
 pgv_remove 
------------
 
(1 row)

SELECT * FROM pgv_list() ORDER BY package, name;
 package | name | is_transactional 
---------+------+------------------
(0 rows)

ROLLBACK;
SELECT * FROM pgv_list() ORDER BY package, name;
 package |  name  | is_transactional 
---------+--------+------------------
 vars    | trans1 | t
(1 row)

BEGIN;
SAVEPOINT sp1;
SAVEPOINT sp2;
SAVEPOINT sp3;
SELECT pgv_set('vars2', 'trans2', 'trans2 variable exists'::text, true);
 pgv_set 
---------
 
(1 row)

SAVEPOINT sp4;
SAVEPOINT sp5;
SELECT pgv_free();
 pgv_free 
----------
 
(1 row)

SELECT package FROM pgv_stats() ORDER BY package;
 package 
---------
 vars
 vars2
(2 rows)

SELECT * FROM pgv_list() ORDER BY package, name;
 package | name | is_transactional 
---------+------+------------------
(0 rows)

RELEASE sp5;
SELECT package FROM pgv_stats() ORDER BY package;
 package 
---------
 vars
 vars2
(2 rows)

SELECT * FROM pgv_list() ORDER BY package, name;
 package | name | is_transactional 
---------+------+------------------
(0 rows)

RELEASE sp4;
SELECT package FROM pgv_stats() ORDER BY package;
 package 
---------
 vars
 vars2
(2 rows)

SELECT * FROM pgv_list() ORDER BY package, name;
 package | name | is_transactional 
---------+------+------------------
(0 rows)

COMMIT;
SELECT package FROM pgv_stats() ORDER BY package;
 package 
---------
(0 rows)

BEGIN;
SELECT pgv_set('vars', 'trans1', 'package created'::text, true);
 pgv_set 
---------
 
(1 row)

SELECT pgv_remove('vars');
 pgv_remove 
------------
 
(1 row)

SELECT * FROM pgv_list() ORDER BY package, name;
 package | name | is_transactional 
---------+------+------------------
(0 rows)

SELECT pgv_set('vars', 'trans1', 'package restored'::text, true);
 pgv_set 
---------
 
(1 row)

SELECT * FROM pgv_list() ORDER BY package, name;
 package |  name  | is_transactional 
---------+--------+------------------
 vars    | trans1 | t
(1 row)

COMMIT;
SELECT pgv_remove('vars');
 pgv_remove 
------------
 
(1 row)

-- REMOVED TRANSACTIONAL VARIABLE SHOULD BE NOT ACCESSIBLE THROUGH LastVariable
SELECT pgv_insert('package', 'errs',row(n), true)
FROM generate_series(1,5) AS gs(n) WHERE 1.0/(n-3)<>0;
ERROR:  division by zero
SELECT pgv_insert('package', 'errs',row(1), true);
 pgv_insert 
------------
 
(1 row)

-- Variable should not exists in case when error occurs during creation
SELECT pgv_insert('vars4', 'r1', row('str1', 'str1'));
ERROR:  could not identify a hash function for type unknown
SELECT pgv_select('vars4', 'r1', 0);
ERROR:  unrecognized package "vars4"
-- If variable created and removed in same transaction level,
-- it should be totally removed and should not be present
-- in changes list and cache.
BEGIN;
SELECT pgv_set('vars', 'any1', 'some value'::text, true);
 pgv_set 
---------
 
(1 row)

SAVEPOINT comm;
SELECT pgv_remove('vars', 'any1');
 pgv_remove 
------------
 
(1 row)

RELEASE comm;
SELECT pgv_get('vars', 'any1',NULL::text);
ERROR:  unrecognized package "vars"
COMMIT;
-- Tests for PGPRO-2440
SELECT pgv_insert('vars3', 'r3', row(1 :: integer, NULL::varchar), true);
 pgv_insert 
------------
 
(1 row)

BEGIN;
SELECT pgv_insert('vars3', 'r3', row(2 :: integer, NULL::varchar), true);
 pgv_insert 
------------
 
(1 row)

SAVEPOINT comm;
SELECT pgv_insert('vars3', 'r3', row(3 :: integer, NULL::varchar), true);
 pgv_insert 
------------
 
(1 row)

COMMIT;
SELECT pgv_delete('vars3', 'r3', 3);
 pgv_delete 
------------
 t
(1 row)

BEGIN;
SELECT pgv_set('vars1', 't1', ''::text);
 pgv_set 
---------
 
(1 row)

SELECT pgv_set('vars2', 't2', ''::text, true);
 pgv_set 
---------
 
(1 row)

SAVEPOINT sp1;
SAVEPOINT sp2;
SELECT pgv_free();
 pgv_free 
----------
 
(1 row)

ERROR;
ERROR:  syntax error at or near "ERROR"
LINE 1: ERROR;
        ^
COMMIT;
SELECT pgv_free();
 pgv_free 
----------
 
(1 row)

